// Jest Snapshot v1, https://goo.gl/fbAQLP

exports[`matches snapshot 1`] = `
<DocumentFragment>
  <div
    class="d-flex align-items-start"
  >
    <div
      class="rounded shadow"
    />
    <button
      class="btn btn-sm btn-danger ms-1 shadow"
    >
      X
    </button>
  </div>
</DocumentFragment>
`;
